image: registry.gitlab.com/role_unit/role_unit_containers:build

variables:
  DOCKER_DRIVER: overlay2
  DEBIAN_FRONTEND: noninteractive

services:
- docker:dind

# Tests model

.test_template: &test_definition
  script:
    - RU_ENV_IMAGE=${CI_JOB_NAME/*_/} tests/tests_ru_tst

# Test jobs

single_debian9:
  <<: *test_definition
